
USERNAME                                                                                             QUESTIONSCORRECT LEADERBOARDRANK
---------------------------------------------------------------------------------------------------- ---------------- ---------------
user2                                                                                                               4               1

  1 record(s) selected.


