
USERNAME                                                                                             QUESTIONSCORRECT LEADERBOARDRANK
---------------------------------------------------------------------------------------------------- ---------------- ---------------
user1                                                                                                               7               1

  1 record(s) selected.


